capture
printing boolean
true
capture
printing string
hello
closure application returned value
result
true
false
