f called
returning from f
x4
f returned
x5
branch end
returning from main
x3
x2
x1