creating S
calling f with 1
1
f returned
calling f with 2
2
f returned
1