u8: 1
s8: 1
u16: 2
s16: 2
u32: 4
s32: 4
u64: 8
s64: 8
f16: 2
f32: 4
f64: 8
