true
message
message
message
message
Updated message
Updated message again
Updated through ref