allocated
1
retain
2
release
1
release
destructor
